// Jest Snapshot v1, https://goo.gl/fbAQLP

exports[`Pruebas en GiftExpertApp Snapshot 1`] = `
<div>
  <h1>
    GifExpertApp
  </h1>
  <form
    aria-label="form"
    autocomplete="off"
  >
    <input
      placeholder="Buscar gifs"
      type="text"
      value=""
    />
  </form>
  <div
    class="card-grid animate__animated animate__fadeIn animate__slow"
  >
    <h3>
      One Punch
    </h3>
    <h2
      class="animate__animated animate__flash animate__infinite animate__delay-5s"
    >
      Cargando...
    </h2>
    <button>
      X
    </button>
  </div>
</div>
`;
